// Jest Snapshot v1, https://goo.gl/fbAQLP

exports[`App renders the App component and matches snapshot 1`] = `
<App>
  <form>
    <div
      className="DCMN-logo"
    >
      <img
        alt="DCMN logo"
        src="https://dcmn.com/assets/dcmn-logo-redesign-black.svg"
      />
    </div>
    <input
      data-role="screen"
      readOnly={true}
      type="text"
      value="0"
    />
    <button
      data-role="button_0"
      key="button_0"
      onClick={[Function]}
      type="button"
    >
      0
    </button>
    <button
      data-role="button_1"
      key="button_1"
      onClick={[Function]}
      type="button"
    >
      1
    </button>
    <button
      data-role="button_2"
      key="button_2"
      onClick={[Function]}
      type="button"
    >
      2
    </button>
    <button
      data-role="button_3"
      key="button_3"
      onClick={[Function]}
      type="button"
    >
      3
    </button>
    <button
      data-role="button_4"
      key="button_4"
      onClick={[Function]}
      type="button"
    >
      4
    </button>
    <button
      data-role="button_5"
      key="button_5"
      onClick={[Function]}
      type="button"
    >
      5
    </button>
    <button
      data-role="button_6"
      key="button_6"
      onClick={[Function]}
      type="button"
    >
      6
    </button>
    <button
      data-role="button_7"
      key="button_7"
      onClick={[Function]}
      type="button"
    >
      7
    </button>
    <button
      data-role="button_8"
      key="button_8"
      onClick={[Function]}
      type="button"
    >
      8
    </button>
    <button
      data-role="button_9"
      key="button_9"
      onClick={[Function]}
      type="button"
    >
      9
    </button>
    <button
      data-role="button_."
      onClick={[Function]}
      type="button"
    >
      .
    </button>
    <button
      data-role="button_+"
      onClick={[Function]}
      type="button"
    >
      +
    </button>
    <button
      data-role="button_-"
      onClick={[Function]}
      type="button"
    >
      -
    </button>
    <button
      data-role="button_="
      onClick={[Function]}
      type="button"
    >
      =
    </button>
    <button
      data-role="button_ac"
      onClick={[Function]}
      type="button"
    >
      AC
    </button>
  </form>
</App>
`;
