// Jest Snapshot v1, https://goo.gl/fbAQLP

exports[`App renders the App component and matches snapshot 1`] = `
<form>
  <div
    className="DCMN-logo"
  >
    <img
      alt="DCMN logo"
      src="https://dcmn.com/assets/dcmn-logo-redesign-black.svg"
    />
  </div>
  <input
    readOnly={true}
    type="text"
    value="0"
  />
  <button
    className="button"
    key="button-0"
    onClick={[Function]}
    type="button"
  >
    0
  </button>
  <button
    className="button"
    key="button-1"
    onClick={[Function]}
    type="button"
  >
    1
  </button>
  <button
    className="button"
    key="button-2"
    onClick={[Function]}
    type="button"
  >
    2
  </button>
  <button
    className="button"
    key="button-3"
    onClick={[Function]}
    type="button"
  >
    3
  </button>
  <button
    className="button"
    key="button-4"
    onClick={[Function]}
    type="button"
  >
    4
  </button>
  <button
    className="button"
    key="button-5"
    onClick={[Function]}
    type="button"
  >
    5
  </button>
  <button
    className="button"
    key="button-6"
    onClick={[Function]}
    type="button"
  >
    6
  </button>
  <button
    className="button"
    key="button-7"
    onClick={[Function]}
    type="button"
  >
    7
  </button>
  <button
    className="button"
    key="button-8"
    onClick={[Function]}
    type="button"
  >
    8
  </button>
  <button
    className="button"
    key="button-9"
    onClick={[Function]}
    type="button"
  >
    9
  </button>
  <button
    className="button"
    onClick={[Function]}
    type="button"
  >
    .
  </button>
  <button
    className="button"
    onClick={[Function]}
    type="button"
  >
    +
  </button>
  <button
    className="button"
    onClick={[Function]}
    type="button"
  >
    -
  </button>
  <button
    className="button"
    onClick={[Function]}
    type="button"
  >
    =
  </button>
  <button
    className="button"
    onClick={[Function]}
    type="button"
  >
    AC
  </button>
</form>
`;
