// Jest Snapshot v1, https://goo.gl/fbAQLP

exports[`App renders the Calc component and matches snapshot 1`] = `
<Calc>
  <form>
    <div>
      <img
        alt="DCMN logo"
        className="DCMN-logo"
        src="https://dcmn.com/assets/dcmn-logo-redesign-black.svg"
      />
      <input
        data-role="screen"
        readOnly={true}
        type="text"
        value="0"
      />
    </div>
    <div
      className="keyboard"
      onMouseLeave={[Function]}
    >
      <div
        className="pad hidden"
      >
        <div />
      </div>
      <div
        className="numboard"
      >
        <Button
          caption="1"
          className=""
          highlighted={false}
          key="button_1"
          onClick={[Function]}
          onHover={[Function]}
        >
          <button
            className=""
            data-role="button_1"
            onClick={[Function]}
            onMouseEnter={[Function]}
            type="button"
          >
            <span>
              1
            </span>
          </button>
        </Button>
        <Button
          caption="2"
          className=""
          highlighted={false}
          key="button_2"
          onClick={[Function]}
          onHover={[Function]}
        >
          <button
            className=""
            data-role="button_2"
            onClick={[Function]}
            onMouseEnter={[Function]}
            type="button"
          >
            <span>
              2
            </span>
          </button>
        </Button>
        <Button
          caption="3"
          className=""
          highlighted={false}
          key="button_3"
          onClick={[Function]}
          onHover={[Function]}
        >
          <button
            className=""
            data-role="button_3"
            onClick={[Function]}
            onMouseEnter={[Function]}
            type="button"
          >
            <span>
              3
            </span>
          </button>
        </Button>
        <Button
          caption="4"
          className=""
          highlighted={false}
          key="button_4"
          onClick={[Function]}
          onHover={[Function]}
        >
          <button
            className=""
            data-role="button_4"
            onClick={[Function]}
            onMouseEnter={[Function]}
            type="button"
          >
            <span>
              4
            </span>
          </button>
        </Button>
        <Button
          caption="5"
          className=""
          highlighted={false}
          key="button_5"
          onClick={[Function]}
          onHover={[Function]}
        >
          <button
            className=""
            data-role="button_5"
            onClick={[Function]}
            onMouseEnter={[Function]}
            type="button"
          >
            <span>
              5
            </span>
          </button>
        </Button>
        <Button
          caption="6"
          className=""
          highlighted={false}
          key="button_6"
          onClick={[Function]}
          onHover={[Function]}
        >
          <button
            className=""
            data-role="button_6"
            onClick={[Function]}
            onMouseEnter={[Function]}
            type="button"
          >
            <span>
              6
            </span>
          </button>
        </Button>
        <Button
          caption="7"
          className=""
          highlighted={false}
          key="button_7"
          onClick={[Function]}
          onHover={[Function]}
        >
          <button
            className=""
            data-role="button_7"
            onClick={[Function]}
            onMouseEnter={[Function]}
            type="button"
          >
            <span>
              7
            </span>
          </button>
        </Button>
        <Button
          caption="8"
          className=""
          highlighted={false}
          key="button_8"
          onClick={[Function]}
          onHover={[Function]}
        >
          <button
            className=""
            data-role="button_8"
            onClick={[Function]}
            onMouseEnter={[Function]}
            type="button"
          >
            <span>
              8
            </span>
          </button>
        </Button>
        <Button
          caption="9"
          className=""
          highlighted={false}
          key="button_9"
          onClick={[Function]}
          onHover={[Function]}
        >
          <button
            className=""
            data-role="button_9"
            onClick={[Function]}
            onMouseEnter={[Function]}
            type="button"
          >
            <span>
              9
            </span>
          </button>
        </Button>
      </div>
      <div
        className="opsboard"
      >
        <Button
          caption="+"
          className=""
          highlighted={false}
          onClick={[Function]}
          onHover={[Function]}
        >
          <button
            className=""
            data-role="button_+"
            onClick={[Function]}
            onMouseEnter={[Function]}
            type="button"
          >
            <span>
              +
            </span>
          </button>
        </Button>
        <Button
          caption="-"
          className=""
          highlighted={false}
          onClick={[Function]}
          onHover={[Function]}
        >
          <button
            className=""
            data-role="button_-"
            onClick={[Function]}
            onMouseEnter={[Function]}
            type="button"
          >
            <span>
              -
            </span>
          </button>
        </Button>
        <Button
          caption="="
          className=""
          highlighted={false}
          onClick={[Function]}
          onHover={[Function]}
        >
          <button
            className=""
            data-role="button_="
            onClick={[Function]}
            onMouseEnter={[Function]}
            type="button"
          >
            <span>
              =
            </span>
          </button>
        </Button>
      </div>
      <Button
        caption="."
        className=""
        highlighted={false}
        onClick={[Function]}
        onHover={[Function]}
      >
        <button
          className=""
          data-role="button_."
          onClick={[Function]}
          onMouseEnter={[Function]}
          type="button"
        >
          <span>
            .
          </span>
        </button>
      </Button>
      <Button
        caption="0"
        className=""
        highlighted={false}
        onClick={[Function]}
        onHover={[Function]}
      >
        <button
          className=""
          data-role="button_0"
          onClick={[Function]}
          onMouseEnter={[Function]}
          type="button"
        >
          <span>
            0
          </span>
        </button>
      </Button>
      <Button
        caption="AC"
        className="ac"
        highlighted={false}
        onClick={[Function]}
        onHover={[Function]}
      >
        <button
          className="ac"
          data-role="button_ac"
          onClick={[Function]}
          onMouseEnter={[Function]}
          type="button"
        >
          <span>
            AC
          </span>
        </button>
      </Button>
    </div>
  </form>
</Calc>
`;
